// Jest Snapshot v1, https://goo.gl/fbAQLP

exports[`BaseButton renders props.msg when passed 1`] = `<a class="waves-effect waves-light btn teal white-text"></a>`;
